>classdef AnEnum
#^^^^^^^^ source.matlab meta.class.matlab storage.type.class.matlab
#        ^ source.matlab meta.class.matlab
#         ^^^^^^ source.matlab meta.class.matlab meta.class.declaration.matlab entity.name.type.class.matlab
>% A test enumeration
#^ source.matlab meta.class.matlab comment.line.percentage.matlab punctuation.definition.comment.matlab
# ^^^^^^^^^^^^^^^^^^^ source.matlab meta.class.matlab comment.line.percentage.matlab
>    enumeration
#^^^^ source.matlab meta.class.matlab meta.enum.matlab
#    ^^^^^^^^^^^ source.matlab meta.class.matlab meta.enum.matlab keyword.control.enum.matlab
>        % Comments
#^^^^^^^^ source.matlab meta.class.matlab meta.enum.matlab punctuation.whitespace.comment.leading.matlab
#        ^ source.matlab meta.class.matlab meta.enum.matlab comment.line.percentage.matlab punctuation.definition.comment.matlab
#         ^^^^^^^^^ source.matlab meta.class.matlab meta.enum.matlab comment.line.percentage.matlab
>        One (1); % Line comments
#^^^^^^^^ source.matlab meta.class.matlab meta.enum.matlab meta.assignment.definition.enummember.matlab
#        ^^^ source.matlab meta.class.matlab meta.enum.matlab meta.assignment.definition.enummember.matlab variable.other.enummember.matlab
#           ^ source.matlab meta.class.matlab meta.enum.matlab
#            ^ source.matlab meta.class.matlab meta.enum.matlab punctuation.section.parens.begin.matlab
#             ^ source.matlab meta.class.matlab meta.enum.matlab meta.parens.matlab constant.numeric.decimal.matlab
#              ^ source.matlab meta.class.matlab meta.enum.matlab punctuation.section.parens.end.matlab
#               ^^ source.matlab meta.class.matlab meta.enum.matlab
#                 ^ source.matlab meta.class.matlab meta.enum.matlab comment.line.percentage.matlab punctuation.definition.comment.matlab
#                  ^^^^^^^^^^^^^^ source.matlab meta.class.matlab meta.enum.matlab comment.line.percentage.matlab
>        Two (2)
#^^^^^^^^ source.matlab meta.class.matlab meta.enum.matlab meta.assignment.definition.enummember.matlab
#        ^^^ source.matlab meta.class.matlab meta.enum.matlab meta.assignment.definition.enummember.matlab variable.other.enummember.matlab
#           ^ source.matlab meta.class.matlab meta.enum.matlab
#            ^ source.matlab meta.class.matlab meta.enum.matlab punctuation.section.parens.begin.matlab
#             ^ source.matlab meta.class.matlab meta.enum.matlab meta.parens.matlab constant.numeric.decimal.matlab
#              ^ source.matlab meta.class.matlab meta.enum.matlab punctuation.section.parens.end.matlab
>        Ten (10)
#^^^^^^^^ source.matlab meta.class.matlab meta.enum.matlab meta.assignment.definition.enummember.matlab
#        ^^^ source.matlab meta.class.matlab meta.enum.matlab meta.assignment.definition.enummember.matlab variable.other.enummember.matlab
#           ^ source.matlab meta.class.matlab meta.enum.matlab
#            ^ source.matlab meta.class.matlab meta.enum.matlab punctuation.section.parens.begin.matlab
#             ^^ source.matlab meta.class.matlab meta.enum.matlab meta.parens.matlab constant.numeric.decimal.matlab
#               ^ source.matlab meta.class.matlab meta.enum.matlab punctuation.section.parens.end.matlab
>        % Trailing comment which
#^^^^^^^^ source.matlab meta.class.matlab meta.enum.matlab punctuation.whitespace.comment.leading.matlab
#        ^ source.matlab meta.class.matlab meta.enum.matlab comment.line.percentage.matlab punctuation.definition.comment.matlab
#         ^^^^^^^^^^^^^^^^^^^^^^^ source.matlab meta.class.matlab meta.enum.matlab comment.line.percentage.matlab
>        % is multiple lines
#^^^^^^^^ source.matlab meta.class.matlab meta.enum.matlab punctuation.whitespace.comment.leading.matlab
#        ^ source.matlab meta.class.matlab meta.enum.matlab comment.line.percentage.matlab punctuation.definition.comment.matlab
#         ^^^^^^^^^^^^^^^^^^ source.matlab meta.class.matlab meta.enum.matlab comment.line.percentage.matlab
>    end
#^^^^ source.matlab meta.class.matlab meta.enum.matlab
#    ^^^ source.matlab meta.class.matlab meta.enum.matlab keyword.control.end.enum.matlab
>end
#^^^ source.matlab meta.class.matlab storage.type.class.end.matlab
>